Array
(
    [0] => /Users/floyd/Desktop/ellie_og_access
)
Array
(
    [name] => ellie_og_access
    [path] => /Users/floyd/Desktop/ellie_og_access
    [contents] => ellie_og_access_role.api.php
ellie_og_access_role.info
ellie_og_access_role.install
ellie_og_access_role.module
)
